
> welove-code@1.0.0 build
> next build

  Ôû▓ Next.js 14.2.3

   Creating an optimized production build ...
 Ô£ô Compiled successfully
   Skipping validation of types
   Skipping linting
   Collecting page data ...
   Generating static pages (0/17) ...
node.exe :  Ô¿» useSearchParams() should 
be wrapped in a suspense boundary at 
page "/proyectos/kadabra-productions". 
Read more: https://nextjs.org/docs/messag
es/missing-suspense-with-csr-bailout
En línea: 1 Carácter: 1
+ & "C:\Program Files\nodejs/node.exe" 
"C:\Program Files\nodejs/node_mo ...
+ ~~~~~~~~~~~~~~~~~~~~~~~~~~~~~~~~~~~~~~~
~~~~~~~~~~~~~~~~~~~~~~~~~~~~~~
    + CategoryInfo          : NotSpecifi 
   ed: ( Ô¿» useSearchP...ith-csr-bailo  
  ut:String) [], RemoteException
    + FullyQualifiedErrorId : NativeComm 
   andError
 
    at l (C:\Users\UsX\Desktop\Proyectos 
- Desarrollo web\CV-Adri\.next\server\chu
nks\431.js:1:11443)
    at c (C:\Users\UsX\Desktop\Proyectos 
- Desarrollo web\CV-Adri\.next\server\chu
nks\431.js:1:22393)
    at t (C:\Users\UsX\Desktop\Proyectos 
- Desarrollo web\CV-Adri\.next\server\chu
nks\906.js:1:13722)
    at r (C:\Users\UsX\Desktop\Proyectos 
- Desarrollo web\CV-Adri\.next\server\chu
nks\906.js:1:47450)
    at g (C:\Users\UsX\Desktop\Proyectos 
- Desarrollo web\CV-Adri\.next\server\chu
nks\906.js:1:6852)
    at nj 
(C:\Users\UsX\Desktop\Proyectos - 
Desarrollo web\CV-Adri\node_modules\next\
dist\compiled\next-server\app-page.runtim
e.prod.js:12:46251)
    at nM 
(C:\Users\UsX\Desktop\Proyectos - 
Desarrollo web\CV-Adri\node_modules\next\
dist\compiled\next-server\app-page.runtim
e.prod.js:12:47571)
    at nN 
(C:\Users\UsX\Desktop\Proyectos - 
Desarrollo web\CV-Adri\node_modules\next\
dist\compiled\next-server\app-page.runtim
e.prod.js:12:64546)
    at nI 
(C:\Users\UsX\Desktop\Proyectos - 
Desarrollo web\CV-Adri\node_modules\next\
dist\compiled\next-server\app-page.runtim
e.prod.js:12:47010)
    at nM 
(C:\Users\UsX\Desktop\Proyectos - 
Desarrollo web\CV-Adri\node_modules\next\
dist\compiled\next-server\app-page.runtim
e.prod.js:12:47717)

Error occurred prerendering page 
"/proyectos/kadabra-productions". Read 
more: https://nextjs.org/docs/messages/pr
erender-error

 Ô¿» useSearchParams() should be wrapped 
in a suspense boundary at page 
"/whatsapp-sent". Read more: https://next
js.org/docs/messages/missing-suspense-wit
h-csr-bailout
    at l (C:\Users\UsX\Desktop\Proyectos 
- Desarrollo web\CV-Adri\.next\server\chu
nks\431.js:1:11443)
    at c (C:\Users\UsX\Desktop\Proyectos 
- Desarrollo web\CV-Adri\.next\server\chu
nks\431.js:1:22393)
    at t (C:\Users\UsX\Desktop\Proyectos 
- Desarrollo web\CV-Adri\.next\server\chu
nks\906.js:1:13722)
    at r (C:\Users\UsX\Desktop\Proyectos 
- Desarrollo web\CV-Adri\.next\server\chu
nks\906.js:1:47450)
    at g (C:\Users\UsX\Desktop\Proyectos 
- Desarrollo web\CV-Adri\.next\server\chu
nks\906.js:1:6852)
    at nj 
(C:\Users\UsX\Desktop\Proyectos - 
Desarrollo web\CV-Adri\node_modules\next\
dist\compiled\next-server\app-page.runtim
e.prod.js:12:46251)
    at nM 
(C:\Users\UsX\Desktop\Proyectos - 
Desarrollo web\CV-Adri\node_modules\next\
dist\compiled\next-server\app-page.runtim
e.prod.js:12:47571)
    at nN 
(C:\Users\UsX\Desktop\Proyectos - 
Desarrollo web\CV-Adri\node_modules\next\
dist\compiled\next-server\app-page.runtim
e.prod.js:12:64546)
    at nI 
(C:\Users\UsX\Desktop\Proyectos - 
Desarrollo web\CV-Adri\node_modules\next\
dist\compiled\next-server\app-page.runtim
e.prod.js:12:47010)
    at nM 
(C:\Users\UsX\Desktop\Proyectos - 
Desarrollo web\CV-Adri\node_modules\next\
dist\compiled\next-server\app-page.runtim
e.prod.js:12:47717)

Error occurred prerendering page 
"/whatsapp-sent". Read more: https://next
js.org/docs/messages/prerender-error

 Ô¿» useSearchParams() should be wrapped 
in a suspense boundary at page 
"/whatsapp-redirect". Read more: https://
nextjs.org/docs/messages/missing-suspense
-with-csr-bailout
    at l (C:\Users\UsX\Desktop\Proyectos 
- Desarrollo web\CV-Adri\.next\server\chu
nks\431.js:1:11443)
    at c (C:\Users\UsX\Desktop\Proyectos 
- Desarrollo web\CV-Adri\.next\server\chu
nks\431.js:1:22393)
    at t (C:\Users\UsX\Desktop\Proyectos 
- Desarrollo web\CV-Adri\.next\server\chu
nks\906.js:1:13722)
    at r (C:\Users\UsX\Desktop\Proyectos 
- Desarrollo web\CV-Adri\.next\server\chu
nks\906.js:1:47450)
    at g (C:\Users\UsX\Desktop\Proyectos 
- Desarrollo web\CV-Adri\.next\server\chu
nks\906.js:1:6852)
    at nj 
(C:\Users\UsX\Desktop\Proyectos - 
Desarrollo web\CV-Adri\node_modules\next\
dist\compiled\next-server\app-page.runtim
e.prod.js:12:46251)
    at nM 
(C:\Users\UsX\Desktop\Proyectos - 
Desarrollo web\CV-Adri\node_modules\next\
dist\compiled\next-server\app-page.runtim
e.prod.js:12:47571)
    at nN 
(C:\Users\UsX\Desktop\Proyectos - 
Desarrollo web\CV-Adri\node_modules\next\
dist\compiled\next-server\app-page.runtim
e.prod.js:12:64546)
    at nI 
(C:\Users\UsX\Desktop\Proyectos - 
Desarrollo web\CV-Adri\node_modules\next\
dist\compiled\next-server\app-page.runtim
e.prod.js:12:47010)
    at nM 
(C:\Users\UsX\Desktop\Proyectos - 
Desarrollo web\CV-Adri\node_modules\next\
dist\compiled\next-server\app-page.runtim
e.prod.js:12:47717)

Error occurred prerendering page 
"/whatsapp-redirect". Read more: https://
nextjs.org/docs/messages/prerender-error

 Ô¿» useSearchParams() should be wrapped 
in a suspense boundary at page 
"/proyectos/zephir-jewelry". Read more: h
ttps://nextjs.org/docs/messages/missing-s
uspense-with-csr-bailout
    at l (C:\Users\UsX\Desktop\Proyectos 
- Desarrollo web\CV-Adri\.next\server\chu
nks\431.js:1:11443)
    at c (C:\Users\UsX\Desktop\Proyectos 
- Desarrollo web\CV-Adri\.next\server\chu
nks\431.js:1:22393)
    at t (C:\Users\UsX\Desktop\Proyectos 
- Desarrollo web\CV-Adri\.next\server\chu
nks\906.js:1:13722)
    at r (C:\Users\UsX\Desktop\Proyectos 
- Desarrollo web\CV-Adri\.next\server\chu
nks\906.js:1:47450)
    at g (C:\Users\UsX\Desktop\Proyectos 
- Desarrollo web\CV-Adri\.next\server\chu
nks\906.js:1:6852)
    at nj 
(C:\Users\UsX\Desktop\Proyectos - 
Desarrollo web\CV-Adri\node_modules\next\
dist\compiled\next-server\app-page.runtim
e.prod.js:12:46251)
    at nM 
(C:\Users\UsX\Desktop\Proyectos - 
Desarrollo web\CV-Adri\node_modules\next\
dist\compiled\next-server\app-page.runtim
e.prod.js:12:47571)
    at nN 
(C:\Users\UsX\Desktop\Proyectos - 
Desarrollo web\CV-Adri\node_modules\next\
dist\compiled\next-server\app-page.runtim
e.prod.js:12:64546)
    at nI 
(C:\Users\UsX\Desktop\Proyectos - 
Desarrollo web\CV-Adri\node_modules\next\
dist\compiled\next-server\app-page.runtim
e.prod.js:12:47010)
    at nM 
(C:\Users\UsX\Desktop\Proyectos - 
Desarrollo web\CV-Adri\node_modules\next\
dist\compiled\next-server\app-page.runtim
e.prod.js:12:47717)

Error occurred prerendering page 
"/proyectos/zephir-jewelry". Read more: h
ttps://nextjs.org/docs/messages/prerender
-error

   Generating static pages (4/17) 
 Ô¿» useSearchParams() should be wrapped 
in a suspense boundary at page 
"/proyectos/kraken-videos". Read more: ht
tps://nextjs.org/docs/messages/missing-su
spense-with-csr-bailout
    at l (C:\Users\UsX\Desktop\Proyectos 
- Desarrollo web\CV-Adri\.next\server\chu
nks\431.js:1:11443)
    at c (C:\Users\UsX\Desktop\Proyectos 
- Desarrollo web\CV-Adri\.next\server\chu
nks\431.js:1:22393)
    at t (C:\Users\UsX\Desktop\Proyectos 
- Desarrollo web\CV-Adri\.next\server\chu
nks\906.js:1:13722)
    at r (C:\Users\UsX\Desktop\Proyectos 
- Desarrollo web\CV-Adri\.next\server\chu
nks\906.js:1:47450)
    at g (C:\Users\UsX\Desktop\Proyectos 
- Desarrollo web\CV-Adri\.next\server\chu
nks\906.js:1:6852)
    at nj 
(C:\Users\UsX\Desktop\Proyectos - 
Desarrollo web\CV-Adri\node_modules\next\
dist\compiled\next-server\app-page.runtim
e.prod.js:12:46251)
    at nM 
(C:\Users\UsX\Desktop\Proyectos - 
Desarrollo web\CV-Adri\node_modules\next\
dist\compiled\next-server\app-page.runtim
e.prod.js:12:47571)
    at nN 
(C:\Users\UsX\Desktop\Proyectos - 
Desarrollo web\CV-Adri\node_modules\next\
dist\compiled\next-server\app-page.runtim
e.prod.js:12:64546)
    at nI 
(C:\Users\UsX\Desktop\Proyectos - 
Desarrollo web\CV-Adri\node_modules\next\
dist\compiled\next-server\app-page.runtim
e.prod.js:12:47010)
    at nM 
(C:\Users\UsX\Desktop\Proyectos - 
Desarrollo web\CV-Adri\node_modules\next\
dist\compiled\next-server\app-page.runtim
e.prod.js:12:47717)

Error occurred prerendering page 
"/proyectos/kraken-videos". Read more: ht
tps://nextjs.org/docs/messages/prerender-
error

 Ô¿» useSearchParams() should be wrapped 
in a suspense boundary at page 
"/proyectos/mercado-libre". Read more: ht
tps://nextjs.org/docs/messages/missing-su
spense-with-csr-bailout
    at l (C:\Users\UsX\Desktop\Proyectos 
- Desarrollo web\CV-Adri\.next\server\chu
nks\431.js:1:11443)
    at c (C:\Users\UsX\Desktop\Proyectos 
- Desarrollo web\CV-Adri\.next\server\chu
nks\431.js:1:22393)
    at t (C:\Users\UsX\Desktop\Proyectos 
- Desarrollo web\CV-Adri\.next\server\chu
nks\906.js:1:13722)
    at r (C:\Users\UsX\Desktop\Proyectos 
- Desarrollo web\CV-Adri\.next\server\chu
nks\906.js:1:47450)
    at g (C:\Users\UsX\Desktop\Proyectos 
- Desarrollo web\CV-Adri\.next\server\chu
nks\906.js:1:6852)
    at nj 
(C:\Users\UsX\Desktop\Proyectos - 
Desarrollo web\CV-Adri\node_modules\next\
dist\compiled\next-server\app-page.runtim
e.prod.js:12:46251)
    at nM 
(C:\Users\UsX\Desktop\Proyectos - 
Desarrollo web\CV-Adri\node_modules\next\
dist\compiled\next-server\app-page.runtim
e.prod.js:12:47571)
    at nN 
(C:\Users\UsX\Desktop\Proyectos - 
Desarrollo web\CV-Adri\node_modules\next\
dist\compiled\next-server\app-page.runtim
e.prod.js:12:64546)
    at nI 
(C:\Users\UsX\Desktop\Proyectos - 
Desarrollo web\CV-Adri\node_modules\next\
dist\compiled\next-server\app-page.runtim
e.prod.js:12:47010)
    at nM 
(C:\Users\UsX\Desktop\Proyectos - 
Desarrollo web\CV-Adri\node_modules\next\
dist\compiled\next-server\app-page.runtim
e.prod.js:12:47717)

Error occurred prerendering page 
"/proyectos/mercado-libre". Read more: ht
tps://nextjs.org/docs/messages/prerender-
error

 Ô¿» useSearchParams() should be wrapped 
in a suspense boundary at page 
"/proyectos/somos-volt". Read more: https
://nextjs.org/docs/messages/missing-suspe
nse-with-csr-bailout
    at l (C:\Users\UsX\Desktop\Proyectos 
- Desarrollo web\CV-Adri\.next\server\chu
nks\431.js:1:11443)
    at c (C:\Users\UsX\Desktop\Proyectos 
- Desarrollo web\CV-Adri\.next\server\chu
nks\431.js:1:22393)
    at t (C:\Users\UsX\Desktop\Proyectos 
- Desarrollo web\CV-Adri\.next\server\chu
nks\906.js:1:13722)
    at r (C:\Users\UsX\Desktop\Proyectos 
- Desarrollo web\CV-Adri\.next\server\chu
nks\906.js:1:47450)
    at g (C:\Users\UsX\Desktop\Proyectos 
- Desarrollo web\CV-Adri\.next\server\chu
nks\906.js:1:6852)
    at nj 
(C:\Users\UsX\Desktop\Proyectos - 
Desarrollo web\CV-Adri\node_modules\next\
dist\compiled\next-server\app-page.runtim
e.prod.js:12:46251)
    at nM 
(C:\Users\UsX\Desktop\Proyectos - 
Desarrollo web\CV-Adri\node_modules\next\
dist\compiled\next-server\app-page.runtim
e.prod.js:12:47571)
    at nN 
(C:\Users\UsX\Desktop\Proyectos - 
Desarrollo web\CV-Adri\node_modules\next\
dist\compiled\next-server\app-page.runtim
e.prod.js:12:64546)
    at nI 
(C:\Users\UsX\Desktop\Proyectos - 
Desarrollo web\CV-Adri\node_modules\next\
dist\compiled\next-server\app-page.runtim
e.prod.js:12:47010)
    at nM 
(C:\Users\UsX\Desktop\Proyectos - 
Desarrollo web\CV-Adri\node_modules\next\
dist\compiled\next-server\app-page.runtim
e.prod.js:12:47717)

Error occurred prerendering page 
"/proyectos/somos-volt". Read more: https
://nextjs.org/docs/messages/prerender-err
or

 Ô¿» useSearchParams() should be wrapped 
in a suspense boundary at page 
"/proyectos/blucactus-mx". Read more: htt
ps://nextjs.org/docs/messages/missing-sus
pense-with-csr-bailout
    at l (C:\Users\UsX\Desktop\Proyectos 
- Desarrollo web\CV-Adri\.next\server\chu
nks\431.js:1:11443)
    at c (C:\Users\UsX\Desktop\Proyectos 
- Desarrollo web\CV-Adri\.next\server\chu
nks\431.js:1:22393)
    at t (C:\Users\UsX\Desktop\Proyectos 
- Desarrollo web\CV-Adri\.next\server\chu
nks\906.js:1:13722)
    at r (C:\Users\UsX\Desktop\Proyectos 
- Desarrollo web\CV-Adri\.next\server\chu
nks\906.js:1:47450)
    at g (C:\Users\UsX\Desktop\Proyectos 
- Desarrollo web\CV-Adri\.next\server\chu
nks\906.js:1:6852)
    at nj 
(C:\Users\UsX\Desktop\Proyectos - 
Desarrollo web\CV-Adri\node_modules\next\
dist\compiled\next-server\app-page.runtim
e.prod.js:12:46251)
    at nM 
(C:\Users\UsX\Desktop\Proyectos - 
Desarrollo web\CV-Adri\node_modules\next\
dist\compiled\next-server\app-page.runtim
e.prod.js:12:47571)
    at nN 
(C:\Users\UsX\Desktop\Proyectos - 
Desarrollo web\CV-Adri\node_modules\next\
dist\compiled\next-server\app-page.runtim
e.prod.js:12:64546)
    at nI 
(C:\Users\UsX\Desktop\Proyectos - 
Desarrollo web\CV-Adri\node_modules\next\
dist\compiled\next-server\app-page.runtim
e.prod.js:12:47010)
    at nM 
(C:\Users\UsX\Desktop\Proyectos - 
Desarrollo web\CV-Adri\node_modules\next\
dist\compiled\next-server\app-page.runtim
e.prod.js:12:47717)

Error occurred prerendering page 
"/proyectos/blucactus-mx". Read more: htt
ps://nextjs.org/docs/messages/prerender-e
rror

   Generating static pages (8/17) 
 Ô¿» useSearchParams() should be wrapped 
in a suspense boundary at page "/wa". 
Read more: https://nextjs.org/docs/messag
es/missing-suspense-with-csr-bailout
    at l (C:\Users\UsX\Desktop\Proyectos 
- Desarrollo web\CV-Adri\.next\server\chu
nks\431.js:1:11443)
    at c (C:\Users\UsX\Desktop\Proyectos 
- Desarrollo web\CV-Adri\.next\server\chu
nks\431.js:1:22393)
    at t (C:\Users\UsX\Desktop\Proyectos 
- Desarrollo web\CV-Adri\.next\server\chu
nks\906.js:1:13722)
    at r (C:\Users\UsX\Desktop\Proyectos 
- Desarrollo web\CV-Adri\.next\server\chu
nks\906.js:1:47450)
    at g (C:\Users\UsX\Desktop\Proyectos 
- Desarrollo web\CV-Adri\.next\server\chu
nks\906.js:1:6852)
    at nj 
(C:\Users\UsX\Desktop\Proyectos - 
Desarrollo web\CV-Adri\node_modules\next\
dist\compiled\next-server\app-page.runtim
e.prod.js:12:46251)
    at nM 
(C:\Users\UsX\Desktop\Proyectos - 
Desarrollo web\CV-Adri\node_modules\next\
dist\compiled\next-server\app-page.runtim
e.prod.js:12:47571)
    at nN 
(C:\Users\UsX\Desktop\Proyectos - 
Desarrollo web\CV-Adri\node_modules\next\
dist\compiled\next-server\app-page.runtim
e.prod.js:12:64546)
    at nI 
(C:\Users\UsX\Desktop\Proyectos - 
Desarrollo web\CV-Adri\node_modules\next\
dist\compiled\next-server\app-page.runtim
e.prod.js:12:47010)
    at nM 
(C:\Users\UsX\Desktop\Proyectos - 
Desarrollo web\CV-Adri\node_modules\next\
dist\compiled\next-server\app-page.runtim
e.prod.js:12:47717)

Error occurred prerendering page "/wa". 
Read more: https://nextjs.org/docs/messag
es/prerender-error

 Ô¿» useSearchParams() should be wrapped 
in a suspense boundary at page 
"/proyectos/welovecode". Read more: https
://nextjs.org/docs/messages/missing-suspe
nse-with-csr-bailout
    at l (C:\Users\UsX\Desktop\Proyectos 
- Desarrollo web\CV-Adri\.next\server\chu
nks\431.js:1:11443)
    at c (C:\Users\UsX\Desktop\Proyectos 
- Desarrollo web\CV-Adri\.next\server\chu
nks\431.js:1:22393)
    at t (C:\Users\UsX\Desktop\Proyectos 
- Desarrollo web\CV-Adri\.next\server\chu
nks\906.js:1:13722)
    at r (C:\Users\UsX\Desktop\Proyectos 
- Desarrollo web\CV-Adri\.next\server\chu
nks\906.js:1:47450)
    at g (C:\Users\UsX\Desktop\Proyectos 
- Desarrollo web\CV-Adri\.next\server\chu
nks\906.js:1:6852)
    at nj 
(C:\Users\UsX\Desktop\Proyectos - 
Desarrollo web\CV-Adri\node_modules\next\
dist\compiled\next-server\app-page.runtim
e.prod.js:12:46251)
    at nM 
(C:\Users\UsX\Desktop\Proyectos - 
Desarrollo web\CV-Adri\node_modules\next\
dist\compiled\next-server\app-page.runtim
e.prod.js:12:47571)
    at nN 
(C:\Users\UsX\Desktop\Proyectos - 
Desarrollo web\CV-Adri\node_modules\next\
dist\compiled\next-server\app-page.runtim
e.prod.js:12:64546)
    at nI 
(C:\Users\UsX\Desktop\Proyectos - 
Desarrollo web\CV-Adri\node_modules\next\
dist\compiled\next-server\app-page.runtim
e.prod.js:12:47010)
    at nM 
(C:\Users\UsX\Desktop\Proyectos - 
Desarrollo web\CV-Adri\node_modules\next\
dist\compiled\next-server\app-page.runtim
e.prod.js:12:47717)

Error occurred prerendering page 
"/proyectos/welovecode". Read more: https
://nextjs.org/docs/messages/prerender-err
or

 Ô¿» useSearchParams() should be wrapped 
in a suspense boundary at page 
"/proyectos/mercado-a-la-mano". Read 
more: https://nextjs.org/docs/messages/mi
ssing-suspense-with-csr-bailout
    at l (C:\Users\UsX\Desktop\Proyectos 
- Desarrollo web\CV-Adri\.next\server\chu
nks\431.js:1:11443)
    at c (C:\Users\UsX\Desktop\Proyectos 
- Desarrollo web\CV-Adri\.next\server\chu
nks\431.js:1:22393)
    at t (C:\Users\UsX\Desktop\Proyectos 
- Desarrollo web\CV-Adri\.next\server\chu
nks\906.js:1:13722)
    at r (C:\Users\UsX\Desktop\Proyectos 
- Desarrollo web\CV-Adri\.next\server\chu
nks\906.js:1:47450)
    at g (C:\Users\UsX\Desktop\Proyectos 
- Desarrollo web\CV-Adri\.next\server\chu
nks\906.js:1:6852)
    at nj 
(C:\Users\UsX\Desktop\Proyectos - 
Desarrollo web\CV-Adri\node_modules\next\
dist\compiled\next-server\app-page.runtim
e.prod.js:12:46251)
    at nM 
(C:\Users\UsX\Desktop\Proyectos - 
Desarrollo web\CV-Adri\node_modules\next\
dist\compiled\next-server\app-page.runtim
e.prod.js:12:47571)
    at nN 
(C:\Users\UsX\Desktop\Proyectos - 
Desarrollo web\CV-Adri\node_modules\next\
dist\compiled\next-server\app-page.runtim
e.prod.js:12:64546)
    at nI 
(C:\Users\UsX\Desktop\Proyectos - 
Desarrollo web\CV-Adri\node_modules\next\
dist\compiled\next-server\app-page.runtim
e.prod.js:12:47010)
    at nM 
(C:\Users\UsX\Desktop\Proyectos - 
Desarrollo web\CV-Adri\node_modules\next\
dist\compiled\next-server\app-page.runtim
e.prod.js:12:47717)

Error occurred prerendering page 
"/proyectos/mercado-a-la-mano". Read 
more: https://nextjs.org/docs/messages/pr
erender-error

 Ô¿» useSearchParams() should be wrapped 
in a suspense boundary at page "/". Read 
more: https://nextjs.org/docs/messages/mi
ssing-suspense-with-csr-bailout
    at l (C:\Users\UsX\Desktop\Proyectos 
- Desarrollo web\CV-Adri\.next\server\chu
nks\431.js:1:11443)
    at c (C:\Users\UsX\Desktop\Proyectos 
- Desarrollo web\CV-Adri\.next\server\chu
nks\431.js:1:22393)
    at t (C:\Users\UsX\Desktop\Proyectos 
- Desarrollo web\CV-Adri\.next\server\chu
nks\906.js:1:13722)
    at r (C:\Users\UsX\Desktop\Proyectos 
- Desarrollo web\CV-Adri\.next\server\chu
nks\906.js:1:47450)
    at g (C:\Users\UsX\Desktop\Proyectos 
- Desarrollo web\CV-Adri\.next\server\chu
nks\906.js:1:6852)
    at nj 
(C:\Users\UsX\Desktop\Proyectos - 
Desarrollo web\CV-Adri\node_modules\next\
dist\compiled\next-server\app-page.runtim
e.prod.js:12:46251)
    at nM 
(C:\Users\UsX\Desktop\Proyectos - 
Desarrollo web\CV-Adri\node_modules\next\
dist\compiled\next-server\app-page.runtim
e.prod.js:12:47571)
    at nN 
(C:\Users\UsX\Desktop\Proyectos - 
Desarrollo web\CV-Adri\node_modules\next\
dist\compiled\next-server\app-page.runtim
e.prod.js:12:64546)
    at nI 
(C:\Users\UsX\Desktop\Proyectos - 
Desarrollo web\CV-Adri\node_modules\next\
dist\compiled\next-server\app-page.runtim
e.prod.js:12:47010)
    at nM 
(C:\Users\UsX\Desktop\Proyectos - 
Desarrollo web\CV-Adri\node_modules\next\
dist\compiled\next-server\app-page.runtim
e.prod.js:12:47717)

Error occurred prerendering page "/". 
Read more: https://nextjs.org/docs/messag
es/prerender-error

   Generating static pages (12/17) 
 Ô¿» useSearchParams() should be wrapped 
in a suspense boundary at page 
"/proyectos/client-mx". Read more: https:
//nextjs.org/docs/messages/missing-suspen
se-with-csr-bailout
    at l (C:\Users\UsX\Desktop\Proyectos 
- Desarrollo web\CV-Adri\.next\server\chu
nks\431.js:1:11443)
    at c (C:\Users\UsX\Desktop\Proyectos 
- Desarrollo web\CV-Adri\.next\server\chu
nks\431.js:1:22393)
    at t (C:\Users\UsX\Desktop\Proyectos 
- Desarrollo web\CV-Adri\.next\server\chu
nks\906.js:1:13722)
    at r (C:\Users\UsX\Desktop\Proyectos 
- Desarrollo web\CV-Adri\.next\server\chu
nks\906.js:1:47450)
    at g (C:\Users\UsX\Desktop\Proyectos 
- Desarrollo web\CV-Adri\.next\server\chu
nks\906.js:1:6852)
    at nj 
(C:\Users\UsX\Desktop\Proyectos - 
Desarrollo web\CV-Adri\node_modules\next\
dist\compiled\next-server\app-page.runtim
e.prod.js:12:46251)
    at nM 
(C:\Users\UsX\Desktop\Proyectos - 
Desarrollo web\CV-Adri\node_modules\next\
dist\compiled\next-server\app-page.runtim
e.prod.js:12:47571)
    at nN 
(C:\Users\UsX\Desktop\Proyectos - 
Desarrollo web\CV-Adri\node_modules\next\
dist\compiled\next-server\app-page.runtim
e.prod.js:12:64546)
    at nI 
(C:\Users\UsX\Desktop\Proyectos - 
Desarrollo web\CV-Adri\node_modules\next\
dist\compiled\next-server\app-page.runtim
e.prod.js:12:47010)
    at nM 
(C:\Users\UsX\Desktop\Proyectos - 
Desarrollo web\CV-Adri\node_modules\next\
dist\compiled\next-server\app-page.runtim
e.prod.js:12:47717)

Error occurred prerendering page 
"/proyectos/client-mx". Read more: https:
//nextjs.org/docs/messages/prerender-erro
r

 Ô¿» useSearchParams() should be wrapped 
in a suspense boundary at page "/404". 
Read more: https://nextjs.org/docs/messag
es/missing-suspense-with-csr-bailout
    at l (C:\Users\UsX\Desktop\Proyectos 
- Desarrollo web\CV-Adri\.next\server\chu
nks\431.js:1:11443)
    at c (C:\Users\UsX\Desktop\Proyectos 
- Desarrollo web\CV-Adri\.next\server\chu
nks\431.js:1:22393)
    at t (C:\Users\UsX\Desktop\Proyectos 
- Desarrollo web\CV-Adri\.next\server\chu
nks\906.js:1:13722)
    at r (C:\Users\UsX\Desktop\Proyectos 
- Desarrollo web\CV-Adri\.next\server\chu
nks\906.js:1:47450)
    at g (C:\Users\UsX\Desktop\Proyectos 
- Desarrollo web\CV-Adri\.next\server\chu
nks\906.js:1:6852)
    at nj 
(C:\Users\UsX\Desktop\Proyectos - 
Desarrollo web\CV-Adri\node_modules\next\
dist\compiled\next-server\app-page.runtim
e.prod.js:12:46251)
    at nM 
(C:\Users\UsX\Desktop\Proyectos - 
Desarrollo web\CV-Adri\node_modules\next\
dist\compiled\next-server\app-page.runtim
e.prod.js:12:47571)
    at nN 
(C:\Users\UsX\Desktop\Proyectos - 
Desarrollo web\CV-Adri\node_modules\next\
dist\compiled\next-server\app-page.runtim
e.prod.js:12:64546)
    at nI 
(C:\Users\UsX\Desktop\Proyectos - 
Desarrollo web\CV-Adri\node_modules\next\
dist\compiled\next-server\app-page.runtim
e.prod.js:12:47010)
    at nM 
(C:\Users\UsX\Desktop\Proyectos - 
Desarrollo web\CV-Adri\node_modules\next\
dist\compiled\next-server\app-page.runtim
e.prod.js:12:47717)

Error occurred prerendering page 
"/_not-found". Read more: https://nextjs.
org/docs/messages/prerender-error

 Ô£ô Generating static pages (17/17)

> Export encountered errors on following 
paths:
	/_not-found/page: /_not-found
	/page: /
	/proyectos/blucactus-mx/page: 
/proyectos/blucactus-mx
	/proyectos/client-mx/page: 
/proyectos/client-mx
	/proyectos/kadabra-productions/page: 
/proyectos/kadabra-productions
	/proyectos/kraken-videos/page: 
/proyectos/kraken-videos
	/proyectos/mercado-a-la-mano/page: 
/proyectos/mercado-a-la-mano
	/proyectos/mercado-libre/page: 
/proyectos/mercado-libre
	/proyectos/somos-volt/page: 
/proyectos/somos-volt
	/proyectos/welovecode/page: 
/proyectos/welovecode
	/proyectos/zephir-jewelry/page: 
/proyectos/zephir-jewelry
	/wa/page: /wa
	/whatsapp-redirect/page: 
/whatsapp-redirect
	/whatsapp-sent/page: /whatsapp-sent
